[0m[0K]0;:/c/Users/John/repos/OpenEMR-Standard-CFN-Deploy[?25l
[0;32mJohn@win7 [0;35m [0;33m~/repos/OpenEMR-Standard-CFN-Deploy[0;36m (master)[0m[0K
$[0K[3G[?25h[?25l$ s[0K[?25hs[0Kh[0K[7G[?25l$ ssh -[0K[?25hT[0K[10G[?25l$ ssh -T g[0K[?25hi[0Kt[0K@[0Kg[0Ki[0Kt[0Kh[0Ku[0Kb[0K.[0Kc[0Ko[0Km[0K[?25l
[0K[?25hEnter passphrase for key '/c/Users/John/.ssh/id_rsa':[0K[55G[?25l
[0K[?25hHi johnbwilliams! You've successfully authenticated, but GitHub does not provide shell access.[0K[?25l
[0K[?25h[?25l
[0;32mJohn@win7 [0;35m [0;33m~/repos/OpenEMR-Standard-CFN-Deploy[0;36m (master)[0m[0K
$[0K[3G[?25h[?25l$ ssh -T git@github.com[0K[?25h[?25l$ git clone https://github.com/openemr/blog.git[0K[?25h[?25l$ ls -l[0K[?25h[?25l$ cd repos/[0K[?25h[?25l$ ls -l[0K[?25h[?25l$ aws cloudformation list-stacks[0K[?25h[?25l$ aws --version[0K[?25h[?25l$ aws -version[0K[?25h[?25l$ ipconfig[0K[?25h[?25l$ aws -version[0K[?25h[?25l$ aws --version[0K[?25h[?25l$ aws cloudformation list-stacks[0K[?25h[1G$ aws --version[0K[?25l$ aws -version[0K[?25h[?25l$ ipconfig[0K[?25h[?25l$ aws -version[0K[?25h[?25l$ aws --version[0K[?25h[?25l$ aws cloudformation list-stacks[0K[?25h[?25l$ ls -l[0K[?25h[?25l$ cd repos/[0K[?25h[?25l$ ls -l[0K[?25h[?25l$ git clone https://github.com/openemr/blog.git[0K[?25h[?25l$ ssh -T git@github.com[0K[?25h[?25l$[0K[3G[?25h[?25l$ ssh -T git@github.com[0K[?25h[?25l$ git clone https://github.com/openemr/blog.git[0K[?25hg[0Kit push -u origin master[0K[72G[71G[70G[69G[68G[67G[66G[65G[64G[62G[60G[59G[58G[57G[56G[55G[54G[53G[52G[51G[50G[49G[48G[49G[50G[51G[50G[49G[48G[?25l$ git clone https://github.com/openemr/blog.gigit push -u origin master[0K[47G[?25h[?25l$ git clone https://github.com/openemr/blog.ggit push -u origin master[0K[46G[?25h[?25l$ git clone https://github.com/openemr/blog.git push -u origin master[0K[45G[?25h[?25l$ git clone https://github.com/openemr/bloggit push -u origin master[0K[44G[?25h[?25l$ git clone https://github.com/openemr/blogit push -u origin master[0K[44G[?25h[42G[?25l$ git clone https://github.com/openemr/bgit push -u origin master[0K[41G[?25h[?25l$ git clone https://github.com/openemr/git push -u origin master[0K[40G[?25h[?25l$ git clone https://github.com/openemrgit push -u origin master[0K[39G[?25h[?25l$ git clone https://github.com/openemgit push -u origin master[0K[38G[?25h[?25l$ git clone https://github.com/openegit push -u origin master[0K[37G[?25h[?25l$ git clone https://github.com/opengit push -u origin master[0K[36G[?25h[?25l$ git clone https://github.com/opegit push -u origin master[0K[35G[?25h[?25l$ git clone https://github.com/opgit push -u origin master[0K[34G[?25h[?25l$ git clone https://github.com/ogit push -u origin master[0K[33G[?25h[?25l$ git clone https://github.com/git push -u origin master[0K[32G[?25h[?25l$ git clone https://github.comgit push -u origin master[0K[31G[?25h[?25l$ git clone https://github.cogit push -u origin master[0K[30G[?25h[?25l$ git clone https://github.cgit push -u origin master[0K[29G[?25h[?25l$ git clone https://github.git push -u origin master[0K[28G[?25h[?25l$ git clone https://githubgit push -u origin master[0K[28G[?25h[?25l$ git clone https://githugit push -u origin master[0K[26G[?25h[?25l$ git clone https://githgit push -u origin master[0K[25G[?25h[?25l$ git clone https://gigit push -u origin master[0K[24G[?25h[23G[?25l$ git clone https://ggit push -u origin master[0K[22G[?25h[?25l$ git clone https://git push -u origin master[0K[21G[?25h[?25l$ git clone https:/git push -u origin master[0K[20G[?25h[?25l$ git clone https:git push -u origin master[0K[19G[?25h[?25l$ git clone httpsgit push -u origin master[0K[18G[?25h[?25l$ git clone httpgit push -u origin master[0K[17G[?25h[?25l$ git clone httgit push -u origin master[0K[16G[?25h[?25l$ git clone htgit push -u origin master[0K[15G[?25h[?25l$ git clone hgit push -u origin master[0K[14G[?25h[?25l$ git clone git push -u origin master[0K[13G[?25h[?25l$ git clonegit push -u origin master[0K[12G[?25h[?25l$ git clongit push -u origin master[0K[11G[?25h[?25l$ git clogit push -u origin master[0K[10G[?25h[?25l$ git clgit push -u origin master[0K[9G[?25h[?25l$ git cgit push -u origin master[0K[8G[?25h[?25l$ git git push -u origin master[0K[7G[?25h[?25l$ gitgit push -u origin master[0K[6G[?25h[?25l$ gigit push -u origin master[0K[5G[?25h[?25l$ ggit push -u origin master[0K[4G[?25h[?25l$ git push -u origin master[0K[3G[?25h[4G[5G[6G[7G[8G[9G[10G[11G[12G[13G[14G[15G[16G[17G[18G[19G[20G[21G[22G[23G[24G[25G[26G[27G[28G[?25l
[0K[?25hFatal: AggregateException encountered.[0K[?25l
[0K[?25herror: cannot spawn rpostback-askpass: No such file or directory[0K[?25l
[0K[?25hUsername for 'https://github.com':[0K[36G[?25lUsername for 'https://github.com': j[0K[?25ho[0Kh[0Kn[0Kb[0Kw[0Ki[0Kl[0Kl[0Ki[0Ka[0Km[0Ks[0K[?25l
error: cannot spawn rpostback-askpass: No such file or directory[0K
[0K[?25hPassword for 'https://johnbwilliams@github.com':[0K[50G[?25l
[0K[?25hremote: Invalid username or password.[0K[?25l
fatal: Authentication failed for 'https://github.com/johnbwilliams/OpenEMR-Standard-CFN-Deploy.git/'[0K
[0K[?25h[?25l
[0;32mJohn@win7 [0;35m [0;33m~/repos/OpenEMR-Standard-CFN-Deploy[0;36m (master)[0m[0K
$[0K[3G[?25h[?25l$ g[0K[?25hit push -u origin master[0K[?25l
[0K[?25hFatal: AggregateException encountered.[0K[?25l
[0K[?25herror: cannot spawn rpostback-askpass: No such file or directory[0K[?25l
[0K[?25hUsername for 'https://github.com':[0K[36G[?25lUsername for 'https://github.com': j[0K[?25ho[0Kh[0Kn[0Kb[0Kw[0Ki[0Kl[0Kl[0Ki[0Ka[0Km[0Ks[0K[?25l
error: cannot spawn rpostback-askpass: No such file or directory[0K
[0K[?25hPassword for 'https://johnbwilliams@github.com':[0K[50G[?25l
[0K[?25hremote: Invalid username or password.[0K[?25l
fatal: Authentication failed for 'https://github.com/johnbwilliams/OpenEMR-Standard-CFN-Deploy.git/'[0K
[0K[?25h[?25l
[0;32mJohn@win7 [0;35m [0;33m~/repos/OpenEMR-Standard-CFN-Deploy[0;36m (master)[0m[0K
$[0K
[0K[?25h[?25l
[0;32mJohn@win7 [0;35m [0;33m~/repos/OpenEMR-Standard-CFN-Deploy[0;36m (master)[0m[0K
$[0K
[0K[?25h[?25l
[0;32mJohn@win7 [0;35m [0;33m~/repos/OpenEMR-Standard-CFN-Deploy[0;36m (master)[0m[0K
$[0K[3G[?25h[?25l$ g[0K[?25hit config --global user.email "email@example.com"[0K[52G[51G[50G[49G[48G[?25l$ git config --global user.email "email@exampl.com"[0K[47G[?25h[?25l$ git config --global user.email "email@examp.com"[0K[46G[?25h[?25l$ git config --global user.email "email@exam.com"[0K[45G[?25h[?25l$ git config --global user.email "email@exa.com"[0K[44G[?25h[?25l$ git config --global user.email "email@ex.com"[0K[43G[?25h[?25l$ git config --global user.email "email@e.com"[0K[42G[?25h[?25l$ git config --global user.email "email@.com"[0K[41G[?25h[?25l$ git config --global user.email "email.com"[0K[40G[?25h[?25l$ git config --global user.email "emai.com"[0K[39G[?25h[?25l$ git config --global user.email "ema.com"[0K[38G[?25h[?25l$ git config --global user.email "em.com"[0K[37G[?25h[?25l$ git config --global user.email "e.com"[0K[36G[?25h[?25l$ git config --global user.email ".com"[0K[35G[?25h[?25l$ git config --global user.email "j.com"[0K[36G[?25h[?25l$ git config --global user.email "jo.com"[0K[37G[?25h[?25l$ git config --global user.email "joh.com"[0K[38G[?25h[?25l$ git config --global user.email "john.com"[0K[39G[?25h[?25l$ git config --global user.email "john..com"[0K[40G[?25h[?25l$ git config --global user.email "john.b.com"[0K[41G[?25h[?25l$ git config --global user.email "john.b..com"[0K[42G[?25h[?25l$ git config --global user.email "john.b.w.com"[0K[43G[?25h[?25l$ git config --global user.email "john.b.wi.com"[0K[44G[?25h[?25l$ git config --global user.email "john.b.wil.com"[0K[45G[?25h[?25l$ git config --global user.email "john.b.will.com"[0K[46G[?25h[?25l$ git config --global user.email "john.b.willi.com"[0K[47G[?25h[?25l$ git config --global user.email "john.b.willia.com"[0K[48G[?25h[?25l$ git config --global user.email "john.b.willia .com"[0K[48G[?25h[?25l$ git config --global user.email "john.b.william.com"[0K[49G[?25h[?25l$ git config --global user.email "john.b.williams.com"[0K[50G[?25h[?25l$ git config --global user.email "john.b.williams@.com"[0K[51G[?25h[?25l$ git config --global user.email "john.b.williams@g.com"[0K[52G[?25h[?25l$ git config --global user.email "john.b.williams@g .com"[0K[52G[?25h[?25l$ git config --global user.email "john.b.williams@gm.com"[0K[53G[?25h[?25l$ git config --global user.email "john.b.williams@gma.com"[0K[54G[?25h[?25l$ git config --global user.email "john.b.williams@gmai.com"[0K[55G[?25h[?25l$ git config --global user.email "john.b.williams@gmail.com"[0K[56G[?25h[57G[58G[59G[60G[61G[?25l
[0K[?25h[?25l
[0;32mJohn@win7 [0;35m [0;33m~/repos/OpenEMR-Standard-CFN-Deploy[0;36m (master)[0m[0K
$[0K[3G[?25h[?25l$ git config --global user.email "john.b.williams@gmail.com"[0K[?25h[?25l$ git config --global user.email "john.b.williams@gmail.com[0K[?25h[?25l$ git config --global user.email "john.b.williams@gmail.co[0K[?25h[?25l$ git config --global user.email "john.b.williams@gmail.c[0K[?25h[?25l$ git config --global user.email "john.b.williams@gmail.[0K[?25h[?25l$ git config --global user.email "john.b.williams@gmail[0K[?25h[?25l$ git config --global user.email "john.b.williams@gmai[0K[?25h[?25l$ git config --global user.email "john.b.williams@gma[0K[?25h[?25l$ git config --global user.email "john.b.williams@gm[0K[?25h[52G[?25l$ git config --global user.email "john.b.williams@g[0K[51G[?25h[?25l$ git config --global user.email "john.b.williams@[0K[?25h[?25l$ git config --global user.email "john.b.williams[0K[49G[?25h[?25l$ git config --global user.email "john.b.william[0K[?25h[?25l$ git config --global user.email "john.b.willia[0K[?25h[?25l$ git config --global user.email "john.b.willi[0K[?25h[?25l$ git config --global user.email "john.b.will[0K[?25h[?25l$ git config --global user.email "john.b.wil[0K[?25h[?25l$ git config --global user.email "john.b.wi[0K[?25h[?25l$ git config --global user.email "john.b.w[0K[?25h[?25l$ git config --global user.email "john.b.[0K[?25h[?25l$ git config --global user.email "john.b[0K[?25h[?25l$ git config --global user.email "john.[0K[?25h[?25l$ git config --global user.email "john[0K[?25h[?25l$ git config --global user.email "joh[0K[?25h[?25l$ git config --global user.email "jo[0K[?25h[?25l$ git config --global user.email "j[0K[?25h[?25l$ git config --global user.email "[0K[?25h[?25l$ git config --global user.email[0K[34G[?25h[33G[?25l
[0K[?25hjohn.b.williams@gmail.com[0K[?25l
[0K[?25h[?25l
[0;32mJohn@win7 [0;35m [0;33m~/repos/OpenEMR-Standard-CFN-Deploy[0;36m (master)[0m[0K
$[0K[3G[?25h[?25l$ git config --global user.email[0K[?25h "john.b.williams@gmail.com"[0K[?25l$ git push -u origin master[0K[?25h[?25l
[0K[?25hFatal: AggregateException encountered.[0K[?25l
[0K[?25herror: cannot spawn rpostback-askpass: No such file or directory[0K[?25l
[0K[?25hUsername for 'https://github.com':[0K[36G[?25lUsername for 'https://github.com': j[0K[?25ho[0Kh[0Kn[0Kb[0Kw[0Ki[0Kl[0Kl[0Ki[0Ka[0Km[0Ks[0K[?25l
error: cannot spawn rpostback-askpass: No such file or directory[0K
[0K[?25hPassword for 'https://johnbwilliams@github.com':[0K[50G[?25l
[0K[?25hremote: Invalid username or password.[0K[?25l
fatal: Authentication failed for 'https://github.com/johnbwilliams/OpenEMR-Standard-CFN-Deploy.git/'[0K
[0K[?25h[?25l
[0;32mJohn@win7 [0;35m [0;33m~/repos/OpenEMR-Standard-CFN-Deploy[0;36m (master)[0m[0K
$[0K[3G[?25h[?25l$ ssh -T git@github.com[0K[?25h[?25l
[0K[?25hEnter passphrase for key '/c/Users/John/.ssh/id_rsa':[0K[55G[?25l
[0K[?25hHi johnbwilliams! You've successfully authenticated, but GitHub does not provide shell access.[0K[?25l
[0K[?25h[?25l
[0;32mJohn@win7 [0;35m [0;33m~/repos/OpenEMR-Standard-CFN-Deploy[0;36m (master)[0m[0K
$[0K[3G[?25h[?25l$ ssh -T git@github.com[0K[?25h[?25l$ git push -u origin master[0K[?25h[?25l
[0K[?25hFatal: AggregateException encountered.[0K[?25l
[0K[?25herror: cannot spawn rpostback-askpass: No such file or directory[0K[?25l
[0K[?25hUsername for 'https://github.com':[0K[36G[?25lUsername for 'https://github.com': j[0K[?25ho[0Kh[0Kn[0Kb[0Kw[0Ki[0Kl[0Kl[0Ki[0Ka[0Km[0Ks[0K[?25l
[0K[?25herror: cannot spawn rpostback-askpass: No such file or directory[0K[?25l
[0K[?25hPassword for 'https://johnbwilliams@github.com':[0K[50G[?25l
[0K[?25hremote: Invalid username or password.[0K[?25l
fatal: Authentication failed for 'https://github.com/johnbwilliams/OpenEMR-Standard-CFN-Deploy.git/'[0K
[0K[?25h[?25l
[0;32mJohn@win7 [0;35m [0;33m~/repos/OpenEMR-Standard-CFN-Deploy[0;36m (master)[0m[0K
$[0K[3G[?25h[?25l
[0K[?25h[?25l
[0;32mJohn@win7 [0;35m [0;33m~/repos/OpenEMR-Standard-CFN-Deploy[0;36m (master)[0m[0K
$[0K[3G[?25h[?25l
[0K[?25h[?25l
[0;32mJohn@win7 [0;35m [0;33m~/repos/OpenEMR-Standard-CFN-Deploy[0;36m (master)[0m[0K
$[0K[3G[?25h[?25l
[0K[?25h[?25l
[0;32mJohn@win7 [0;35m [0;33m~/repos/OpenEMR-Standard-CFN-Deploy[0;36m (master)[0m[0K[1G[?25h[?25l
$[0K[3G[?25h[?25l$ git remote -v[0K[?25h[?25l
[0K[?25horigin  https://github.com/johnbwilliams/OpenEMR-Standard-CFN-Deploy.git (fetch)[0K[?25l
origin  https://github.com/johnbwilliams/OpenEMR-Standard-CFN-Deploy.git (push)[0K
[0K[?25h[?25l
[0;32mJohn@win7 [0;35m [0;33m~/repos/OpenEMR-Standard-CFN-Deploy[0;36m (master)[0m[0K
$[0K[3G[?25h[?25l$ eval "$(ssh-agent -s)"[0K[?25h[?25l
[0K[?25hAgent pid 8356[0K[?25l
[0K[?25h[?25l
[0;32mJohn@win7 [0;35m [0;33m~/repos/OpenEMR-Standard-CFN-Deploy[0;36m (master)[0m[0K
$[0K[3G[?25h[?25l$ ssh-add -l[0K[?25h[?25l
[0K[?25hThe agent has no identities.[0K[?25l
[0K[?25h[?25l
[0;32mJohn@win7 [0;35m [0;33m~/repos/OpenEMR-Standard-CFN-Deploy[0;36m (master)[0m[0K
$[0K[3G[?25h[?25l$ ssh -vvvT git@github.com[0K[?25h[?25l
OpenSSH_7.1p2, OpenSSL 1.0.2h  3 May 2016[0K
debug1: Reading configuration data /etc/ssh/ssh_config[0K
[0K[?25hdebug2: ssh_connect: needpriv 0[0K[?25l
debug1: Connecting to github.com [192.30.253.113] port 22.[0K
[0K[?25hdebug1: Connection established.[0K[?25l
debug1: identity file /c/Users/John/.ssh/id_rsa type 1[0K
debug1: key_load_public: No such file or directory[0K
debug1: identity file /c/Users/John/.ssh/id_rsa-cert type -1[0K
debug1: key_load_public: No such file or directory[0K
debug1: identity file /c/Users/John/.ssh/id_dsa type -1[0K
debug1: key_load_public: No such file or directory[0K
debug1: identity file /c/Users/John/.ssh/id_dsa-cert type -1[0K
debug1: key_load_public: No such file or directory[0K
debug1: identity file /c/Users/John/.ssh/id_ecdsa type -1[0K
debug1: key_load_public: No such file or directory[0K
debug1: identity file /c/Users/John/.ssh/id_ecdsa-cert type -1[0K
debug1: key_load_public: No such file or directory[0K
debug1: identity file /c/Users/John/.ssh/id_ed25519 type -1[0K
debug1: key_load_public: No such file or directory[0K
debug1: identity file /c/Users/John/.ssh/id_ed25519-cert type -1[0K
debug1: Enabling compatibility mode for protocol 2.0[0K
debug1: Local version string SSH-2.0-OpenSSH_7.1[0K
debug1: Remote protocol version 2.0, remote software version libssh_0.7.0[0K
debug1: no match: libssh_0.7.0[0K
debug2: fd 3 setting O_NONBLOCK[0K
debug1: Authenticating to github.com:22 as 'git'[0K
debug3: hostkeys_foreach: reading file "/c/Users/John/.ssh/known_hosts"[0K
debug3: record_hostkey: found key type RSA in file /c/Users/John/.ssh/known_hosts:1[0K
debug3: load_hostkeys: loaded 1 keys from github.com[0K
debug3: order_hostkeyalgs: prefer hostkeyalgs: ssh-rsa-cert-v01@openssh.com,ssh-rsa[0K
debug1: SSH2_MSG_KEXINIT sent[0K
debug1: SSH2_MSG_KEXINIT received[0K
debug2: kex_parse_kexinit: curve25519-sha256@libssh.org,ecdh-sha2-nistp256,ecdh-sha2-nistp384,ecdh-sha2-nistp521,diffie-hellman-group[0K-
exchange-sha256,diffie-hellman-group-exchange-sha1,diffie-hellman-group14-sha1[0K
debug2: kex_parse_kexinit: ssh-rsa-cert-v01@openssh.com,ssh-rsa,ecdsa-sha2-nistp256-cert-v01@openssh.com,ecdsa-sha2-nistp384-cert-v01[0K@
openssh.com,ecdsa-sha2-nistp521-cert-v01@openssh.com,ssh-ed25519-cert-v01@openssh.com,ecdsa-sha2-nistp256,ecdsa-sha2-nistp384,ecdsa-s[0Kh
a2-nistp521,ssh-ed25519[0K
debug2: kex_parse_kexinit: chacha20-poly1305@openssh.com,aes128-ctr,aes192-ctr,aes256-ctr,aes128-gcm@openssh.com,aes256-gcm@openssh.c[0Ko
m,arcfour256,arcfour128,aes128-cbc,3des-cbc,blowfish-cbc,cast128-cbc,aes192-cbc,aes256-cbc,arcfour,rijndael-cbc@lysator.liu.se[0K
debug2: kex_parse_kexinit: chacha20-poly1305@openssh.com,aes128-ctr,aes192-ctr,aes256-ctr,aes128-gcm@openssh.com,aes256-gcm@openssh.c[0Ko
m,arcfour256,arcfour128,aes128-cbc,3des-cbc,blowfish-cbc,cast128-cbc,aes192-cbc,aes256-cbc,arcfour,rijndael-cbc@lysator.liu.se[0K
debug2: kex_parse_kexinit: umac-64-etm@openssh.com,umac-128-etm@openssh.com,hmac-sha2-256-etm@openssh.com,hmac-sha2-512-etm@openssh.c[0Ko
m,hmac-sha1-etm@openssh.com,umac-64@openssh.com,umac-128@openssh.com,hmac-sha2-256,hmac-sha2-512,hmac-sha1,hmac-md5-etm@openssh.com,h[0Km
ac-ripemd160-etm@openssh.com,hmac-sha1-96-etm@openssh.com,hmac-md5-96-etm@openssh.com,hmac-md5,hmac-ripemd160,hmac-ripemd160@openssh.[0Kc
om,hmac-sha1-96,hmac-md5-96[0K
debug2: kex_parse_kexinit: umac-64-etm@openssh.com,umac-128-etm@openssh.com,hmac-sha2-256-etm@openssh.com,hmac-sha2-512-etm@openssh.c[0Ko
m,hmac-sha1-etm@openssh.com,umac-64@openssh.com,umac-128@openssh.com,hmac-sha2-256,hmac-sha2-512,hmac-sha1,hmac-md5-etm@openssh.com,h[0Km
ac-ripemd160-etm@openssh.com,hmac-sha1-96-etm@openssh.com,hmac-md5-96-etm@openssh.com,hmac-md5,hmac-ripemd160,hmac-ripemd160@openssh.[0Kc
om,hmac-sha1-96,hmac-md5-96[0K
debug2: kex_parse_kexinit: none,zlib@openssh.com,zlib[0K
debug2: kex_parse_kexinit: none,zlib@openssh.com,zlib[0K
debug2: kex_parse_kexinit:[0K
debug2: kex_parse_kexinit:[0K
debug2: first_kex_follows 0[0K
debug2: reserved 0[0K
debug2: kex_parse_kexinit: curve25519-sha256@libssh.org,ecdh-sha2-nistp256,ecdh-sha2-nistp384,ecdh-sha2-nistp521,diffie-hellman-group[0K-
exchange-sha256[0K
debug2: kex_parse_kexinit: ssh-dss,ssh-rsa[0K
debug2: kex_parse_kexinit: chacha20-poly1305@openssh.com,aes256-ctr,aes192-ctr,aes128-ctr,aes256-cbc,aes192-cbc,aes128-cbc,blowfish-c[0Kb
c[0K[1G[?25h[?25l
debug2: kex_parse_kexinit: chacha20-poly1305@openssh.com,aes256-ctr,aes192-ctr,aes128-ctr,aes256-cbc,aes192-cbc,aes128-cbc,blowfish-c[0Kb
c[0K
debug2: kex_parse_kexinit: hmac-sha2-256,hmac-sha2-512,hmac-sha1[0K
debug2: kex_parse_kexinit: hmac-sha2-256,hmac-sha2-512,hmac-sha1[0K
debug2: kex_parse_kexinit: none,zlib,zlib@openssh.com[0K
debug2: kex_parse_kexinit: none,zlib,zlib@openssh.com[0K
debug2: kex_parse_kexinit:[0K
debug2: kex_parse_kexinit:[0K
debug2: first_kex_follows 0[0K
debug2: reserved 0[0K
debug1: kex: server->client chacha20-poly1305@openssh.com <implicit> none[0K
debug1: kex: client->server chacha20-poly1305@openssh.com <implicit> none[0K
debug1: expecting SSH2_MSG_KEX_ECDH_REPLY[0K
debug1: Server host key: ssh-rsa SHA256:nThbg6kXUpJWGl7E1IGOCspRomTxdCARLviKw6E5SY8[0K
debug3: hostkeys_foreach: reading file "/c/Users/John/.ssh/known_hosts"[0K
debug3: record_hostkey: found key type RSA in file /c/Users/John/.ssh/known_hosts:1[0K
debug3: load_hostkeys: loaded 1 keys from github.com[0K
debug3: hostkeys_foreach: reading file "/c/Users/John/.ssh/known_hosts"[0K
debug3: record_hostkey: found key type RSA in file /c/Users/John/.ssh/known_hosts:25[0K
debug3: load_hostkeys: loaded 1 keys from 192.30.253.113[0K
debug1: Host 'github.com' is known and matches the RSA host key.[0K
debug1: Found key in /c/Users/John/.ssh/known_hosts:1[0K
debug2: set_newkeys: mode 1[0K
debug1: SSH2_MSG_NEWKEYS sent[0K
debug1: expecting SSH2_MSG_NEWKEYS[0K
[0K[?25hdebug2: set_newkeys: mode 0[0K[?25l
debug1: SSH2_MSG_NEWKEYS received[0K
debug1: SSH2_MSG_SERVICE_REQUEST sent[0K
debug2: service_accept: ssh-userauth[0K
debug1: SSH2_MSG_SERVICE_ACCEPT received[0K
debug2: key: /c/Users/John/.ssh/id_rsa (0x60005f830),[0K
debug2: key: /c/Users/John/.ssh/id_dsa (0x0),[0K
debug2: key: /c/Users/John/.ssh/id_ecdsa (0x0),[0K
debug2: key: /c/Users/John/.ssh/id_ed25519 (0x0),[0K
[0K[?25hdebug1: Authentications that can continue: publickey[0K[?25l
debug3: start over, passed a different list publickey[0K
debug3: preferred publickey,keyboard-interactive,password[0K
debug3: authmethod_lookup publickey[0K
debug3: remaining preferred: keyboard-interactive,password[0K
debug3: authmethod_is_enabled publickey[0K
debug1: Next authentication method: publickey[0K
debug1: Offering RSA public key: /c/Users/John/.ssh/id_rsa[0K
debug3: send_pubkey_test[0K
debug2: we sent a publickey packet, wait for reply[0K
debug1: Server accepts key: pkalg ssh-rsa blen 535[0K
debug2: input_userauth_pk_ok: fp SHA256:VsylcHl7RPeooyIpR24a3GuBgHVFTpJkKOpgvZ6lJeg[0K[1G[?25h[?25l
debug3: sign_and_send_pubkey: RSA SHA256:VsylcHl7RPeooyIpR24a3GuBgHVFTpJkKOpgvZ6lJeg[0K
Enter passphrase for key '/c/Users/John/.ssh/id_rsa':[0K[55G[?25h[?25l
[0K[?25hdebug1: Authentication succeeded (publickey).[0K[?25l
Authenticated to github.com ([192.30.253.113]:22).[0K
debug1: channel 0: new [client-session][0K
debug3: ssh_session2_open: channel_new: 0[0K
debug2: channel 0: send open[0K
debug1: Entering interactive session.[0K
[0K[?25hdebug2: callback start[0K[?25l
debug2: fd 3 setting TCP_NODELAY[0K
debug3: ssh_packet_set_tos: set IP_TOS 0x08[0K
debug2: client_session2_setup: id 0[0K
debug2: channel 0: request shell confirm 1[0K
debug2: callback done[0K
debug2: channel 0: open confirm rwindow 32000 rmax 35000[0K
debug2: channel_input_status_confirm: type 99 id 0[0K
debug2: shell request accepted on channel 0[0K
[0K[?25hdebug2: channel 0: rcvd ext data 95[0K[?25l
debug1: client_input_channel_req: channel 0 rtype exit-status reply 0[0K
debug2: channel 0: rcvd eof[0K
debug2: channel 0: output open -> drain[0K
debug2: channel 0: rcvd close[0K
debug2: channel 0: close_read[0K
debug2: channel 0: input open -> closed[0K
debug3: channel 0: will not send data after close[0K
debug2: channel 0: obuf_empty delayed efd 7/(95)[0K
Hi johnbwilliams! You've successfully authenticated, but GitHub does not provide shell access.[0K
debug2: channel 0: written 95 to efd 7[0K
debug3: channel 0: will not send data after close[0K
debug2: channel 0: obuf empty[0K
debug2: channel 0: close_write[0K
debug2: channel 0: output drain -> closed[0K
debug2: channel 0: almost dead[0K
debug2: channel 0: gc: notify user[0K
debug2: channel 0: gc: user detached[0K
debug2: channel 0: send close[0K
debug2: channel 0: is dead[0K
debug2: channel 0: garbage collecting[0K
debug1: channel 0: free: client-session, nchannels 1[0K
debug3: channel 0: status: The following connections are open:[0K
  #0 client-session (t4 r43 i3/0 o3/0 fd -1/-1 cc -1)[0K
[0K
Transferred: sent 3848, received 2056 bytes, in 0.1 seconds[0K
Bytes per second: sent 55765.6, received 29795.8[0K
debug1: Exit status 1[0K
[0K[?25h[?25l
[0;32mJohn@win7 [0;35m [0;33m~/repos/OpenEMR-Standard-CFN-Deploy[0;36m (master)[0m[0K
$[0K[3G[?25h[?25l
[0K[?25h[?25l
[0;32mJohn@win7 [0;35m [0;33m~/repos/OpenEMR-Standard-CFN-Deploy[0;36m (master)[0m[0K
$[0K[3G[?25h[?25l
[0K[?25h[?25l
[0;32mJohn@win7 [0;35m [0;33m~/repos/OpenEMR-Standard-CFN-Deploy[0;36m (master)[0m[0K
$[0K[3G[?25h[?25l$ ssh -vvvT git@github.com[0K[?25h[?25l
OpenSSH_7.1p2, OpenSSL 1.0.2h  3 May 2016[0K
debug1: Reading configuration data /etc/ssh/ssh_config[0K
[0K[?25hdebug2: ssh_connect: needpriv 0[0K[?25l
debug1: Connecting to github.com [192.30.253.113] port 22.[0K
debug1: Connection established.[0K
debug1: identity file /c/Users/John/.ssh/id_rsa type 1[0K
debug1: key_load_public: No such file or directory[0K
debug1: identity file /c/Users/John/.ssh/id_rsa-cert type -1[0K
debug1: key_load_public: No such file or directory[0K
debug1: identity file /c/Users/John/.ssh/id_dsa type -1[0K
debug1: key_load_public: No such file or directory[0K
debug1: identity file /c/Users/John/.ssh/id_dsa-cert type -1[0K
debug1: key_load_public: No such file or directory[0K
debug1: identity file /c/Users/John/.ssh/id_ecdsa type -1[0K
debug1: key_load_public: No such file or directory[0K
debug1: identity file /c/Users/John/.ssh/id_ecdsa-cert type -1[0K
debug1: key_load_public: No such file or directory[0K
debug1: identity file /c/Users/John/.ssh/id_ed25519 type -1[0K
debug1: key_load_public: No such file or directory[0K
debug1: identity file /c/Users/John/.ssh/id_ed25519-cert type -1[0K
debug1: Enabling compatibility mode for protocol 2.0[0K
debug1: Local version string SSH-2.0-OpenSSH_7.1[0K
debug1: Remote protocol version 2.0, remote software version libssh_0.7.0[0K[1G[?25h[?25l
debug1: no match: libssh_0.7.0[0K
debug2: fd 3 setting O_NONBLOCK[0K
debug1: Authenticating to github.com:22 as 'git'[0K
debug3: hostkeys_foreach: reading file "/c/Users/John/.ssh/known_hosts"[0K
debug3: record_hostkey: found key type RSA in file /c/Users/John/.ssh/known_hosts:1[0K
debug3: load_hostkeys: loaded 1 keys from github.com[0K
debug3: order_hostkeyalgs: prefer hostkeyalgs: ssh-rsa-cert-v01@openssh.com,ssh-rsa[0K
debug1: SSH2_MSG_KEXINIT sent[0K
debug1: SSH2_MSG_KEXINIT received[0K
debug2: kex_parse_kexinit: curve25519-sha256@libssh.org,ecdh-sha2-nistp256,ecdh-sha2-nistp384,ecdh-sha2-nistp521,diffie-hellman-group-exchange-sha256,diffie-hellman-group-exchange-sha1,diffie-hellman-group14-sha1[0K
debug2: kex_parse_kexinit: ssh-rsa-cert-v01@openssh.com,ssh-rsa,ecdsa-sha2-nistp256-cert-v01@openssh.com,ecdsa-sha2-nistp384-cert-v01@openssh.com,ecdsa-sha2-nistp521-cert-v01@openssh.com,ssh-ed25519-cert-v01@openssh.com[0K,
ecdsa-sha2-nistp256,ecdsa-sha2-nistp384,ecdsa-sha2-nistp521,ssh-ed25519[0K
debug2: kex_parse_kexinit: chacha20-poly1305@openssh.com,aes128-ctr,aes192-ctr,aes256-ctr,aes128-gcm@openssh.com,aes256-gcm@openssh.com,arcfour256,arcfour128,aes128-cbc,3des-cbc,blowfish-cbc,cast128-cbc,aes192-cbc,aes25[0K6
-cbc,arcfour,rijndael-cbc@lysator.liu.se[0K
debug2: kex_parse_kexinit: chacha20-poly1305@openssh.com,aes128-ctr,aes192-ctr,aes256-ctr,aes128-gcm@openssh.com,aes256-gcm@openssh.com,arcfour256,arcfour128,aes128-cbc,3des-cbc,blowfish-cbc,cast128-cbc,aes192-cbc,aes25[0K6
-cbc,arcfour,rijndael-cbc@lysator.liu.se[0K
debug2: kex_parse_kexinit: umac-64-etm@openssh.com,umac-128-etm@openssh.com,hmac-sha2-256-etm@openssh.com,hmac-sha2-512-etm@openssh.com,hmac-sha1-etm@openssh.com,umac-64@openssh.com,umac-128@openssh.com,hmac-sha2-256,hm[0Ka
c-sha2-512,hmac-sha1,hmac-md5-etm@openssh.com,hmac-ripemd160-etm@openssh.com,hmac-sha1-96-etm@openssh.com,hmac-md5-96-etm@openssh.com,hmac-md5,hmac-ripemd160,hmac-ripemd160@openssh.com,hmac-sha1-96,hmac-md5-96[0K
debug2: kex_parse_kexinit: umac-64-etm@openssh.com,umac-128-etm@openssh.com,hmac-sha2-256-etm@openssh.com,hmac-sha2-512-etm@openssh.com,hmac-sha1-etm@openssh.com,umac-64@openssh.com,umac-128@openssh.com,hmac-sha2-256,hm[0Ka
c-sha2-512,hmac-sha1,hmac-md5-etm@openssh.com,hmac-ripemd160-etm@openssh.com,hmac-sha1-96-etm@openssh.com,hmac-md5-96-etm@openssh.com,hmac-md5,hmac-ripemd160,hmac-ripemd160@openssh.com,hmac-sha1-96,hmac-md5-96[0K
debug2: kex_parse_kexinit: none,zlib@openssh.com,zlib[0K
debug2: kex_parse_kexinit: none,zlib@openssh.com,zlib[0K
debug2: kex_parse_kexinit:[0K
debug2: kex_parse_kexinit:[0K
debug2: first_kex_follows 0[0K
debug2: reserved 0[0K
debug2: kex_parse_kexinit: curve25519-sha256@libssh.org,ecdh-sha2-nistp256,ecdh-sha2-nistp384,ecdh-sha2-nistp521,diffie-hellman-group-exchange-sha256[0K
debug2: kex_parse_kexinit: ssh-dss,ssh-rsa[0K
debug2: kex_parse_kexinit: chacha20-poly1305@openssh.com,aes256-ctr,aes192-ctr,aes128-ctr,aes256-cbc,aes192-cbc,aes128-cbc,blowfish-cbc[0K
debug2: kex_parse_kexinit: chacha20-poly1305@openssh.com,aes256-ctr,aes192-ctr,aes128-ctr,aes256-cbc,aes192-cbc,aes128-cbc,blowfish-cbc[0K
debug2: kex_parse_kexinit: hmac-sha2-256,hmac-sha2-512,hmac-sha1[0K
debug2: kex_parse_kexinit: hmac-sha2-256,hmac-sha2-512,hmac-sha1[0K
debug2: kex_parse_kexinit: none,zlib,zlib@openssh.com[0K
debug2: kex_parse_kexinit: none,zlib,zlib@openssh.com[0K
debug2: kex_parse_kexinit:[0K
debug2: kex_parse_kexinit:[0K
debug2: first_kex_follows 0[0K
debug2: reserved 0[0K
debug1: kex: server->client chacha20-poly1305@openssh.com <implicit> none[0K
debug1: kex: client->server chacha20-poly1305@openssh.com <implicit> none[0K
debug1: expecting SSH2_MSG_KEX_ECDH_REPLY[0K
[0K[?25hdebug1: Server host key: ssh-rsa SHA256:nThbg6kXUpJWGl7E1IGOCspRomTxdCARLviKw6E5SY8[0K[?25l
debug3: hostkeys_foreach: reading file "/c/Users/John/.ssh/known_hosts"[0K
debug3: record_hostkey: found key type RSA in file /c/Users/John/.ssh/known_hosts:1[0K
debug3: load_hostkeys: loaded 1 keys from github.com[0K
debug3: hostkeys_foreach: reading file "/c/Users/John/.ssh/known_hosts"[0K
debug3: record_hostkey: found key type RSA in file /c/Users/John/.ssh/known_hosts:25[0K
debug3: load_hostkeys: loaded 1 keys from 192.30.253.113[0K
debug1: Host 'github.com' is known and matches the RSA host key.[0K
debug1: Found key in /c/Users/John/.ssh/known_hosts:1[0K
debug2: set_newkeys: mode 1[0K
debug1: SSH2_MSG_NEWKEYS sent[0K
debug1: expecting SSH2_MSG_NEWKEYS[0K
debug2: set_newkeys: mode 0[0K
debug1: SSH2_MSG_NEWKEYS received[0K
debug1: SSH2_MSG_SERVICE_REQUEST sent[0K
[0K[?25hdebug2: service_accept: ssh-userauth[0K[?25l
debug1: SSH2_MSG_SERVICE_ACCEPT received[0K
debug2: key: /c/Users/John/.ssh/id_rsa (0x60005f830),[0K
debug2: key: /c/Users/John/.ssh/id_dsa (0x0),[0K
debug2: key: /c/Users/John/.ssh/id_ecdsa (0x0),[0K
debug2: key: /c/Users/John/.ssh/id_ed25519 (0x0),[0K
[0K[?25hdebug1: Authentications that can continue: publickey[0K[?25l
debug3: start over, passed a different list publickey[0K
debug3: preferred publickey,keyboard-interactive,password[0K
debug3: authmethod_lookup publickey[0K
debug3: remaining preferred: keyboard-interactive,password[0K
debug3: authmethod_is_enabled publickey[0K
debug1: Next authentication method: publickey[0K
debug1: Offering RSA public key: /c/Users/John/.ssh/id_rsa[0K
debug3: send_pubkey_test[0K
debug2: we sent a publickey packet, wait for reply[0K
debug1: Server accepts key: pkalg ssh-rsa blen 535[0K
debug2: input_userauth_pk_ok: fp SHA256:VsylcHl7RPeooyIpR24a3GuBgHVFTpJkKOpgvZ6lJeg[0K
debug3: sign_and_send_pubkey: RSA SHA256:VsylcHl7RPeooyIpR24a3GuBgHVFTpJkKOpgvZ6lJeg[0K
Enter passphrase for key '/c/Users/John/.ssh/id_rsa':[0K[55G[?25h[?25l
[0K[?25hdebug1: Authentication succeeded (publickey).[0K[?25l
Authenticated to github.com ([192.30.253.113]:22).[0K
debug1: channel 0: new [client-session][0K
debug3: ssh_session2_open: channel_new: 0[0K
debug2: channel 0: send open[0K
debug1: Entering interactive session.[0K
[0K[?25hdebug2: callback start[0K[?25l
debug2: fd 3 setting TCP_NODELAY[0K
debug3: ssh_packet_set_tos: set IP_TOS 0x08[0K
debug2: client_session2_setup: id 0[0K
debug2: channel 0: request shell confirm 1[0K
debug2: callback done[0K
debug2: channel 0: open confirm rwindow 32000 rmax 35000[0K
debug2: channel_input_status_confirm: type 99 id 0[0K
debug2: shell request accepted on channel 0[0K
[0K[?25hdebug2: channel 0: rcvd ext data 95[0K[?25l
debug1: client_input_channel_req: channel 0 rtype exit-status reply 0[0K
debug2: channel 0: rcvd eof[0K
debug2: channel 0: output open -> drain[0K
debug2: channel 0: rcvd close[0K
debug2: channel 0: close_read[0K
debug2: channel 0: input open -> closed[0K
debug3: channel 0: will not send data after close[0K
debug2: channel 0: obuf_empty delayed efd 7/(95)[0K
Hi johnbwilliams! You've successfully authenticated, but GitHub does not provide shell access.[0K
debug2: channel 0: written 95 to efd 7[0K
debug3: channel 0: will not send data after close[0K
debug2: channel 0: obuf empty[0K
debug2: channel 0: close_write[0K
debug2: channel 0: output drain -> closed[0K
debug2: channel 0: almost dead[0K
debug2: channel 0: gc: notify user[0K
debug2: channel 0: gc: user detached[0K
debug2: channel 0: send close[0K
debug2: channel 0: is dead[0K
debug2: channel 0: garbage collecting[0K
debug1: channel 0: free: client-session, nchannels 1[0K
debug3: channel 0: status: The following connections are open:[0K
[0K[?25h  #0 client-session (t4 r43 i3/0 o3/0 fd -1/-1 cc -1)[0K[?25l
[0K
Transferred: sent 3848, received 2056 bytes, in 0.1 seconds[0K
Bytes per second: sent 54968.3, received 29369.8[0K
debug1: Exit status 1[0K
[0K[?25h[?25l
[0;32mJohn@win7 [0;35m [0;33m~/repos/OpenEMR-Standard-CFN-Deploy[0;36m (master)[0m[0K
$[0K[3G[?25h[?25l$ g[0K[?25hi[0Kt[0K[7G[?25l$ git s[0K[?25ht[0Ka[0Kt[0Ku[0Ks[0K[?25l
[0K[?25hOn branch master[0K[?25l
nothing to commit, working directory clean[0K
[0K[?25h[?25l
[0;32mJohn@win7 [0;35m [0;33m~/repos/OpenEMR-Standard-CFN-Deploy[0;36m (master)[0m[0K
$[0K[3G[?25h[?25l$ l[0K[?25hs[0K[6G[?25l$ ls -[0K[?25hl[0K[?25l
[0K[?25htotal 2499[0K[?25l
-rwx------ 1 John mkpasswd  462836 Mar 22 10:57 2.zip[0K
-rwx------ 1 John mkpasswd     221 Mar 22 10:55 OpenEMR-Standard-CFN-Deploy.Rproj[0K
-rwx------ 1 John mkpasswd    2685 Mar 22 11:00 OpenEMR-Standard-Deploy.Rmd[0K
-rwx------ 1 John mkpasswd 1509357 Mar 22 11:00 OpenEMR-Standard-Deploy.html[0K
-rwx------ 1 John mkpasswd      30 Mar 22 11:18 README.md[0K
-rwx------ 1 John mkpasswd   76839 Mar 22 10:57 Standard-ROLLBACK_IN_PROGRESS.PNG[0K
-rwx------ 1 John mkpasswd     218 Mar 22 10:57 Standard_CFN_URL.txt[0K
-rwx------ 1 John mkpasswd   39477 Mar 22 10:56 Standard_deploy_screen1.PNG[0K
-rwx------ 1 John mkpasswd   29918 Mar 22 10:56 Standard_deploy_screen2.PNG[0K
-rwx------ 1 John mkpasswd   42910 Mar 22 10:56 Standard_deploy_screen3.PNG[0K
-rwx------ 1 John mkpasswd   22647 Mar 22 10:56 Standard_deploy_screen4.PNG[0K
-rwx------ 1 John mkpasswd   47422 Mar 22 10:57 Standard_deploy_screen5a.PNG[0K
-rwx------ 1 John mkpasswd   51972 Mar 22 10:57 Standard_deploy_screen5b.PNG[0K
-rwx------ 1 John mkpasswd   75951 Mar 22 10:57 Standard_deploy_screen5c.PNG[0K
-rwx------ 1 John mkpasswd   66629 Mar 22 10:57 Standard_deploy_screen5d.PNG[0K
-rwx------ 1 John mkpasswd   31062 Mar 22 10:57 Standard_deploy_screen5e.PNG[0K
-rwx------ 1 John mkpasswd   70770 Mar 22 10:57 Standard_deploy_screen5f.PNG[0K
[0K[?25h[?25l
[0;32mJohn@win7 [0;35m [0;33m~/repos/OpenEMR-Standard-CFN-Deploy[0;36m (master)[0m[0K
$[0K[3G[?25h[?25l$ g[0K[?25hi[0Kt[0K[7G[?25l$ git i[0K[?25hn[0Ki[0Kt[0K[?25l
[0K[?25hReinitialized existing Git repository in C:/Users/John/repos/OpenEMR-Standard-CFN-Deploy/.git/[0K[?25l
[0K[?25h[?25l
[0;32mJohn@win7 [0;35m [0;33m~/repos/OpenEMR-Standard-CFN-Deploy[0;36m (master)[0m[0K
$[0K[3G[?25h[?25l$ git init[0K[?25h[?25l$ ls -l[0K[?25h[?25l$ git status[0K[?25h[?25l
[0K[?25hOn branch master[0K[?25l
nothing to commit, working directory clean[0K
[0K[?25h[?25l
[0;32mJohn@win7 [0;35m [0;33m~/repos/OpenEMR-Standard-CFN-Deploy[0;36m (master)[0m[0K
$[0K[3G[?25h[?25l$ git status[0K[?25h[?25l$ git init[0K[?25h[?25l$ ls -l[0K[?25h[?25l$ git status[0K[?25h[?25l$ ssh -vvvT git@github.com[0K[?25h[?25l$ sshhub.com[0K[6G[?25h[?25l$ ssh-add -l[0K[?25h[?25l$ eval "$(ssh-agent -s)"[0K[?25h[1G$ git remote -v[0K[?25l$ git push -u origin master[0K[?25h[?25l$ ssh -T git@github.com[0K[?25h[?25l$ git push -u origin master[0K[?25h[?25l$ ssh -T git@github.com[0K[?25h[?25l$ git push -u origin master[0K[?25h[?25l
[0K[?25hLogon failed, use ctrl+c to cancel basic credential prompt.[0K[?25l
error: cannot spawn rpostback-askpass: No such file or directory[0K
[0K[?25hUsername for 'https://github.com/':[0K[37G[?25lUsername for 'https://github.com/': j[0K[?25ho[0Kh[0Kn[0Kb[0Kw[0Ki[0Kl[0Kl[0Ki[0Ka[0Km[0Ks[0K[?25l
error: cannot spawn rpostback-askpass: No such file or directory[0K
[0K[?25hPassword for 'https://johnbwilliams@github.com/':[0K[51G[?25l
[0K[?25hremote: Invalid username or password.[0K[?25l
fatal: Authentication failed for 'https://github.com/johnbwilliams/OpenEMR-Standard-CFN-Deploy.git/'[0K
[0K[?25h[?25l
[0;32mJohn@win7 [0;35m [0;33m~/repos/OpenEMR-Standard-CFN-Deploy[0;36m (master)[0m[0K
$[0K[3G[?25h[?25l$ git push -u origin master[0K[?25h[?25l$ git status[0K[?25h[?25l$ git init[0K[?25h[?25l$ ls -l[0K[?25h[?25l$ git status[0K[?25h[?25l$ ssh -vvvT git@github.com[0K[?25h[?25l$ ssh-add -l[0K[?25h[?25l$ eval "$(ssh-agent -s)"[0K[?25h[?25l$ git remote -v[0K[?25h[?25l$ git push -u origin master[0K[?25h[?25l$ ssh -T git@github.com[0K[?25h[?25l$ git push -u origin master[0K[?25h[?25l$ git config --global user.email[0K[?25h "john.b.williams@gmail.com"[0K[?25l$ git config --global user.email[0K[?25h[?25l$ git push -u origin master[0K[?25h[?25l$ git push -u origin maste[0K[?25h[?25l$ git push -u origin mast[0K[?25h[?25l$ git push -u origin mas[0K[?25h[?25l$ git push -u origin ma[0K[?25h[?25l$ git push -u origin m[0K[?25h[?25l$ git push -u origin[0K[22G[?25h[21G[?25l$ git push -u origi[0K[?25h[?25l$ git push -u orig[0K[?25h[?25l$ git push -u ori[0K[?25h[?25l$ git push -u or[0K[?25h[?25l$ git push -u o[0K[?25h[?25l$ git push -u[0K[15G[?25h[14G[13G[?25l$ git push -[0K[12G[?25h[?25l$ git push[0K[?25h[?25l$ git pus[0K[?25h[?25l$ git pu[0K[?25h[?25l$ git p[0K[?25h[?25l$ git[0K[7G[?25h[6G[?25l$ gi[0K[?25h[?25l$ g[0K[?25h[?25l$[0K[3G[?25h[?25l$ git config --global user.email[0K[?25h "john.b.williams@gmail.com"[0K[?25l$ git push -u origin master[0K[?25h[?25l$ ssh -T git@github.com[0K[?25h[?25l$ git clone https://github.com/openemr/blog.git[0K[?25h[1G$ ls -l[0K[?25l$ cd repos/[0K[?25h[?25l$ ls -l[0K[?25h[?25l$ aws cloudformation list-stacks[0K[?25h[?25l$ aws --version[0K[?25h[?25l$ aws -version[0K[?25h[?25l$ ipconfig[0K[?25h[?25l$ aws -version[0K[?25h[?25l$ aws --version[0K[?25h[?25l$ aws cloudformation list-stacks[0K[?25h[?25l$ ls -l[0K[?25h[?25l$ cd repos/[0K[?25h[?25l$ ls -l[0K[?25h[?25l$ git clone https://github.com/openemr/blog.git[0K[?25h[?25l$ ssh -T git@github.com[0K[?25h[?25l$ git clone https://github.com/openemr/blog.git[0K[?25h[?25l
[0K[?25hCloning into 'blog'...[0K[?25l
[0K[?25hremote: Counting objects: 973, done.[0K[?25l
[0K[?25h[?25lReceiving objects:  14% (137/973)[0K[1G[?25h[?25lReceiving objects:  15% (146/973)[0K[1G[?25h[?25lReceiving objects:  17% (166/973)[0K[1G[?25h[?25lReceiving objects:  29% (283/973)[0K[1G[?25h[?25lReceiving objects:  39% (380/973)[0K[1G[?25h[?25lReceiving objects:  46% (448/973)[0K[1G[?25h[?25lReceiving objects:  47% (458/973)[0K[1G[?25h[?25lReceiving objects:  69% (672/973)[0K[1G[?25h[?25lReceiving objects:  88% (857/973), 6.82 MiB | 13.64 MiB/s[0K[1G[?25hremote: Total 973 (delta 0), reused 0 (delta 0), pack-reused 973[0K[?25l
Receiving objects: 100% (973/973), 7.67 MiB | 13.64 MiB/s, done.[0K
Resolving deltas:  62% (278/446)[0K[1G[?25hResolving deltas: 100% (446/446), done.[0K[?25l
[0K[?25hChecking connectivity...[0K[26G[?25lChecking connectivity... done.[0K
[0K[?25h[?25l
[0;32mJohn@win7 [0;35m [0;33m~/repos/OpenEMR-Standard-CFN-Deploy[0;36m (master)[0m[0K
$[0K[3G[?25h[?25l
[0K[?25h[?25l
[0;32mJohn@win7 [0;35m [0;33m~/repos/OpenEMR-Standard-CFN-Deploy[0;36m (master)[0m[0K
$[0K[3G[?25h[?25l$ g[0K[?25hi[0Kt[0K[7G[?25l$ git i[0K[?25hn[0Ki[0Kt[0K[?25l
[0K[?25hReinitialized existing Git repository in C:/Users/John/repos/OpenEMR-Standard-CFN-Deploy/.git/[0K[?25l
[0K[?25h[?25l
[0;32mJohn@win7 [0;35m [0;33m~/repos/OpenEMR-Standard-CFN-Deploy[0;36m (master)[0m[0K
$[0K[3G[?25h[?25l$ g[0K[?25hi[0Kt[0K[7G[?25l$ git a[0K[?25hd[0Kd[0K[11G[?25l$ git add .[0K[?25h[?25l
[0K[?25h[?25l
[0;32mJohn@win7 [0;35m [0;33m~/repos/OpenEMR-Standard-CFN-Deploy[0;36m (master)[0m[0K
$[0K[3G[?25h[?25l$ git commit -m "First commit"[0K[?25h[?25l
[0K[?25h[master cd1e76d] First commit[0K[?25l
 1 file changed, 1 insertion(+)[0K
 create mode 160000 blog[0K
[0K[?25h[?25l
[0;32mJohn@win7 [0;35m [0;33m~/repos/OpenEMR-Standard-CFN-Deploy[0;36m (master)[0m[0K
$[0K[3G[?25h[?25l$ l[0K[?25hs[0K[6G[?25l$ ls -[0K[?25hl[0K[?25l
[0K[?25htotal 2503[0K[?25l
-rwx------  1 John mkpasswd  462836 Mar 22 10:57 2.zip[0K
-rwx------  1 John mkpasswd     221 Mar 22 10:55 OpenEMR-Standard-CFN-Deploy.Rproj[0K
-rwx------  1 John mkpasswd    2685 Mar 22 11:00 OpenEMR-Standard-Deploy.Rmd[0K
-rwx------  1 John mkpasswd 1509357 Mar 22 11:00 OpenEMR-Standard-Deploy.html[0K
-rwx------  1 John mkpasswd      30 Mar 22 11:18 README.md[0K
-rwx------  1 John mkpasswd   76839 Mar 22 10:57 Standard-ROLLBACK_IN_PROGRESS.PNG[0K
-rwx------  1 John mkpasswd     218 Mar 22 10:57 Standard_CFN_URL.txt[0K
-rwx------  1 John mkpasswd   39477 Mar 22 10:56 Standard_deploy_screen1.PNG[0K
-rwx------  1 John mkpasswd   29918 Mar 22 10:56 Standard_deploy_screen2.PNG[0K
-rwx------  1 John mkpasswd   42910 Mar 22 10:56 Standard_deploy_screen3.PNG[0K
-rwx------  1 John mkpasswd   22647 Mar 22 10:56 Standard_deploy_screen4.PNG[0K
-rwx------  1 John mkpasswd   47422 Mar 22 10:57 Standard_deploy_screen5a.PNG[0K
-rwx------  1 John mkpasswd   51972 Mar 22 10:57 Standard_deploy_screen5b.PNG[0K
-rwx------  1 John mkpasswd   75951 Mar 22 10:57 Standard_deploy_screen5c.PNG[0K
-rwx------  1 John mkpasswd   66629 Mar 22 10:57 Standard_deploy_screen5d.PNG[0K
-rwx------  1 John mkpasswd   31062 Mar 22 10:57 Standard_deploy_screen5e.PNG[0K
-rwx------  1 John mkpasswd   70770 Mar 22 10:57 Standard_deploy_screen5f.PNG[0K
drwx------+ 1 John mkpasswd       0 Mar 22 13:03 blog[0K
[0K[?25h[?25l
[0;32mJohn@win7 [0;35m [0;33m~/repos/OpenEMR-Standard-CFN-Deploy[0;36m (master)[0m[0K
$[0K[3G[?25h[?25l$ git remote add origin remote repository URL[0K[?25hhttps://github.com/johnbwilliams/OpenEMR-Standard-CFN-Deploy.git[0K[109G[107G[106G[105G[104G[103G[102G[101G[100G[99G[98G[97G[96G[95G[94G[93G[92G[91G[90G[89G[88G[87G[86G[85G[84G[83G[82G[81G[80G[79G[78G[77G[76G[75G[74G[73G[72G[71G[70G[69G[68G[67G[66G[65G[64G[63G[62G[61G[60G[59G[58G[56G[55G[54G[53G[52G[51G[50G[49G[48G[47G[46G[45G[44G[45G[46G[?25l$ git remote add origin remote repository URhttps://github.com/johnbwilliams/OpenEMR-Standard-CFN-Deploy.git[0K[45G[?25h[?25l$ git remote add origin remote repository Uhttps://github.com/johnbwilliams/OpenEMR-Standard-CFN-Deploy.git[0K[44G[?25h[?25l$ git remote add origin remote repository https://github.com/johnbwilliams/OpenEMR-Standard-CFN-Deploy.git[0K[43G[?25h[?25l$ git remote add origin remote repositoryhttps://github.com/johnbwilliams/OpenEMR-Standard-CFN-Deploy.git[0K[42G[?25h[?25l$ git remote add origin remote repositorhttps://github.com/johnbwilliams/OpenEMR-Standard-CFN-Deploy.git[0K[41G[?25h[?25l$ git remote add origin remote repositohttps://github.com/johnbwilliams/OpenEMR-Standard-CFN-Deploy.git[0K[40G[?25h[?25l$ git remote add origin remote reposithttps://github.com/johnbwilliams/OpenEMR-Standard-CFN-Deploy.git[0K[39G[?25h[?25l$ git remote add origin remote reposihttps://github.com/johnbwilliams/OpenEMR-Standard-CFN-Deploy.git[0K[38G[?25h[?25l$ git remote add origin remote reposhttps://github.com/johnbwilliams/OpenEMR-Standard-CFN-Deploy.git[0K[37G[?25h[?25l$ git remote add origin remote repohttps://github.com/johnbwilliams/OpenEMR-Standard-CFN-Deploy.git[0K[36G[?25h[?25l$ git remote add origin remote rephttps://github.com/johnbwilliams/OpenEMR-Standard-CFN-Deploy.git[0K[35G[?25h[?25l$ git remote add origin remote rehttps://github.com/johnbwilliams/OpenEMR-Standard-CFN-Deploy.git[0K[34G[?25h[?25l$ git remote add origin remote rhttps://github.com/johnbwilliams/OpenEMR-Standard-CFN-Deploy.git[0K[33G[?25h[?25l$ git remote add origin remote https://github.com/johnbwilliams/OpenEMR-Standard-CFN-Deploy.git[0K[32G[?25h[?25l$ git remote add origin remotehttps://github.com/johnbwilliams/OpenEMR-Standard-CFN-Deploy.git[0K[31G[?25h[?25l$ git remote add origin remothttps://github.com/johnbwilliams/OpenEMR-Standard-CFN-Deploy.git[0K[30G[?25h[?25l$ git remote add origin remohttps://github.com/johnbwilliams/OpenEMR-Standard-CFN-Deploy.git[0K[29G[?25h[?25l$ git remote add origin remhttps://github.com/johnbwilliams/OpenEMR-Standard-CFN-Deploy.git[0K[28G[?25h[?25l$ git remote add origin rehttps://github.com/johnbwilliams/OpenEMR-Standard-CFN-Deploy.git[0K[27G[?25h[?25l$ git remote add origin rhttps://github.com/johnbwilliams/OpenEMR-Standard-CFN-Deploy.git[0K[26G[?25h[?25l$ git remote add origin https://github.com/johnbwilliams/OpenEMR-Standard-CFN-Deploy.git[0K[25G[?25h[26G[27G[28G[29G[30G[31G[32G[33G[34G[35G[36G[37G[38G[39G[40G[41G[42G[43G[44G[45G[46G[47G[48G[49G[50G[51G[52G[53G[54G[55G[56G[57G[58G[59G[60G[61G[62G[63G[64G[65G[66G[67G[68G[70G[71G[72G[73G[74G[75G[76G[77G[78G[79G[80G[81G[82G[83G[84G[85G[86G[87G[88G[89G[?25l
[0K[?25hfatal: remote origin already exists.[0K[?25l
[0K[?25h[?25l
[0;32mJohn@win7 [0;35m [0;33m~/repos/OpenEMR-Standard-CFN-Deploy[0;36m (master)[0m[0K
$[0K[3G[?25h[?25l$ git remote add origin https://github.com/johnbwilliams/OpenEMR-Standard-CFN-Deploy.git[0K[?25h[?25l
[0K[?25hfatal: remote origin already exists.[0K[?25l
[0K[?25h[?25l
[0;32mJohn@win7 [0;35m [0;33m~/repos/OpenEMR-Standard-CFN-Deploy[0m[0K[?25h[0;36m (master)[0m[0K[?25l
$[0K[3G[?25h[?25l$ git remote -v[0K[?25h[?25l
[0K[?25horigin  https://github.com/johnbwilliams/OpenEMR-Standard-CFN-Deploy.git (fetch)[0K[?25l
origin  https://github.com/johnbwilliams/OpenEMR-Standard-CFN-Deploy.git (push)[0K
[0K[?25h[?25l
[0;32mJohn@win7 [0;35m [0;33m~/repos/OpenEMR-Standard-CFN-Deploy[0;36m (master)[0m[0K
$[0K[3G[?25h[?25l$ git push origin master[0K[?25h[?25l
[0K[?25hFatal: AggregateException encountered.[0K[?25l
[0K[?25herror: cannot spawn rpostback-askpass: No such file or directory[0K[?25l
[0K[?25hUsername for 'https://github.com':[0K[36G[?25lUsername for 'https://github.com': j[0K[?25ho[0Kh[0Kn[0Kb[0Kw[0Ki[0Kl[0Kl[0Ki[0Ka[0Km[0Ks[0K[?25l
error: cannot spawn rpostback-askpass: No such file or directory[0K
[0K[?25hPassword for 'https://johnbwilliams@github.com':[0K[50G[?25l
[0K[?25hremote: Invalid username or password.[0K[?25l
fatal: Authentication failed for 'https://github.com/johnbwilliams/OpenEMR-Standard-CFN-Deploy.git/'[0K
[0K[?25h[?25l
[0;32mJohn@win7 [0;35m [0;33m~/repos/OpenEMR-Standard-CFN-Deploy[0;36m (master)[0m[0K
$[0K[3G[?25h[?25l$ git push origin master[0K[?25h[?25l$ git remote -v[0K[?25h[?25l$ git remote add origin https://github.com/johnbwilliams/OpenEMR-Standard-CFN-Deploy.git[0K[?25h[?25l$ git remote add origin https://github.com/johnbwilliams/OpenEMR-Standard-CFN-Deploy.gi[0K[?25h[?25l$ git remote add origin https://github.com/johnbwilliams/OpenEMR-Standard-CFN-Deploy.g[0K[?25h[?25l$ git remote add origin https://github.com/johnbwilliams/OpenEMR-Standard-CFN-Deploy.[0K[?25h[?25l$ git remote add origin https://github.com/johnbwilliams/OpenEMR-Standard-CFN-Deploy[0K[?25h[?25l$ git remote add origin https://github.com/johnbwilliams/OpenEMR-Standard-CFN-Deplo[0K[?25h[?25l$ git remote add origin https://github.com/johnbwilliams/OpenEMR-Standard-CFN-Depl[0K[?25h[82G[?25l$ git remote add origin https://github.com/johnbwilliams/OpenEMR-Standard-CFN-Dep[0K[81G[?25h[?25l$ git remote add origin https://github.com/johnbwilliams/OpenEMR-Standard-CFN-De[0K[80G[?25h[?25l$ git remote add origin https://github.com/johnbwilliams/OpenEMR-Standard-CFN-D[0K[?25h[?25l$ git remote add origin https://github.com/johnbwilliams/OpenEMR-Standard-CFN-[0K[?25h[?25l$ git remote add origin https://github.com/johnbwilliams/OpenEMR-Standard-CFN[0K[?25h[?25l$ git remote add origin https://github.com/johnbwilliams/OpenEMR-Standard-CF[0K[?25h[?25l$ git remote add origin https://github.com/johnbwilliams/OpenEMR-Standard-C[0K[?25h[?25l$ git remote add origin https://github.com/johnbwilliams/OpenEMR-Standard-[0K[?25h[?25l$ git remote add origin https://github.com/johnbwilliams/OpenEMR-Standard[0K[?25h[?25l$ git remote add origin https://github.com/johnbwilliams/OpenEMR-Standar[0K[?25h[?25l$ git remote add origin https://github.com/johnbwilliams/OpenEMR-Standa[0K[?25h[?25l$ git remote add origin https://github.com/johnbwilliams/OpenEMR-Stand[0K[?25h[?25l$ git remote add origin https://github.com/johnbwilliams/OpenEMR-Stan[0K[?25h[?25l$ git remote add origin https://github.com/johnbwilliams/OpenEMR-Sta[0K[?25h[?25l$ git remote add origin https://github.com/johnbwilliams/OpenEMR-St[0K[?25h[?25l$ git remote add origin https://github.com/johnbwilliams/OpenEMR-S[0K[?25h[?25l$ git remote add origin https://github.com/johnbwilliams/OpenEMR-[0K[?25h[65G[?25l$ git remote add origin https://github.com/johnbwilliams/OpenEMR[0K[?25h[?25l$ git remote add origin https://github.com/johnbwilliams/OpenEM[0K[63G[?25h[?25l$ git remote add origin https://github.com/johnbwilliams/OpenE[0K[62G[?25h[?25l$ git remote add origin https://github.com/johnbwilliams/Open[0K[?25h[?25l$ git remote add origin https://github.com/johnbwilliams/Ope[0K[?25h[?25l$ git remote add origin https://github.com/johnbwilliams/Op[0K[?25h[?25l$ git remote add origin https://github.com/johnbwilliams/O[0K[?25h[?25l$ git remote add origin https://github.com/johnbwilliams/[0K[?25h[?25l$ git remote add origin https://github.com/johnbwilliams[0K[?25h[?25l$ git remote add origin https://github.com/johnbwilliam[0K[?25h[?25l$ git remote add origin https://github.com/johnbwillia[0K[?25h[?25l$ git remote add origin https://github.com/johnbwilli[0K[?25h[?25l$ git remote add origin https://github.com/johnbwill[0K[?25h[?25l$ git remote add origin https://github.com/johnbwil[0K[?25h[?25l$ git remote add origin https://github.com/johnbwi[0K[?25h[?25l$ git remote add origin https://github.com/johnbw[0K[?25h[?25l$ git remote add origin https://github.com/johnb[0K[?25h[?25l$ git remote add origin https://github.com/john[0K[?25h[47G[?25l$ git remote add origin https://github.com/joh[0K[46G[?25h[?25l$ git remote add origin https://github.com/jo[0K[?25h[?25l$ git remote add origin https://github.com/j[0K[?25h[?25l$ git remote add origin https://github.com/[0K[?25h[?25l$ git remote add origin https://github.com[0K[?25h[?25l$ git remote add origin https://github.co[0K[?25h[?25l$ git remote add origin https://github.c[0K[?25h[?25l$ git remote add origin https://github.[0K[?25h[?25l$ git remote add origin https://github[0K[?25h[?25l$ git remote add origin https://githu[0K[?25h[?25l$ git remote add origin https://gith[0K[?25h[?25l$ git remote add origin https://git[0K[?25h[?25l$ git remote add origin https://gi[0K[?25h[?25l$ git remote add origin https://g[0K[?25h[?25l$ git remote add origin https://[0K[?25h[?25l$ git remote add origin https:/[0K[?25h[?25l$ git remote add origin https:[0K[?25h[30G[?25l$ git remote add origin https[0K[29G[?25h[?25l$ git remote add origin http[0K[28G[?25h[?25l$ git remote add origin htt[0K[?25h[27G[?25l$ git remote add origin ht[0K[?25h[?25l$ git remote add origin h[0K[?25h[?25l$ git remote add origin[0K[25G[?25h[?25l$ git remote add origin git@github.com:johnbwilliams/OpenEMR-Standard-CFN-Deploy.git[0K[?25h[?25l
[0K[?25hfatal: remote origin already exists.[0K[?25l
[0K[?25h[?25l
[0;32mJohn@win7 [0;35m [0;33m~/repos/OpenEMR-Standard-CFN-Deploy[0;36m (master)[0m[0K
$[0K[3G[?25h[?25l$ git remote add origin git@github.com:johnbwilliams/OpenEMR-Standard-CFN-Deploy.git[0K[?25h[?25l$ git push origin master[0K[?25h[24G[23G[22G[21G[20G[21G[22G[23G[24G[25G[?25l
[0K[?25hFatal: AggregateException encountered.[0K[?25l
[0K[?25herror: cannot spawn rpostback-askpass: No such file or directory[0K[?25l
[0K[?25hUsername for 'https://github.com':[0K[36G[?25lUsername for 'https://github.com': j[0K[?25ho[0Kh[0Kn[0Kb[0Kw[0Ki[0Kl[0Kl[0Ki[0Ka[0Km[0Ks[0K[?25l
error: cannot spawn rpostback-askpass: No such file or directory[0K
[0K[?25hPassword for 'https://johnbwilliams@github.com':[0K[50G[?25l
[0K[?25hremote: Invalid username or password.[0K[?25l
fatal: Authentication failed for 'https://github.com/johnbwilliams/OpenEMR-Standard-CFN-Deploy.git/'[0K
[0K[?25h[?25l
[0;32mJohn@win7 [0;35m [0;33m~/repos/OpenEMR-Standard-CFN-Deploy[0;36m (master)[0m[0K
$[0K[3G[?25h[?25l$ g[0K[?25hi[0Kt[0K[7G[?25l$ git i[0K[?25hn[0Ki[0Kt[0K[?25l
[0K[?25hReinitialized existing Git repository in C:/Users/John/repos/OpenEMR-Standard-CFN-Deploy/.git/[0K[?25l
[0K[?25h[?25l
[0;32mJohn@win7 [0;35m [0;33m~/repos/OpenEMR-Standard-CFN-Deploy[0;36m (master)[0m[0K
$[0K[3G[?25h[?25l$ g[0K[?25hi[0Kt[0K[7G[?25l$ git a[0K[?25hd[0Kd[0K[?25l$ git ad[0K[?25h[?25l$ git a[0K[?25h[?25l$ git[0K[7G[?25h[?25l$ git s[0K[?25ht[0Ka[0Kt[0Ku[0Ks[0K[?25l
[0K[?25hOn branch master[0K[?25l
nothing to commit, working directory clean[0K
[0K[?25h[?25l
[0;32mJohn@win7 [0;35m [0;33m~/repos/OpenEMR-Standard-CFN-Deploy[0;36m (master)[0m[0K
$[0K[3G[?25h[?25l$ g[0K[?25hi[0Kt[0K[7G[?25l$ git a[0K[?25hd[0Kd[0K[11G[?25l$ git add .[0K[?25h[?25l
[0K[?25h[?25l
[0;32mJohn@win7 [0;35m [0;33m~/repos/OpenEMR-Standard-CFN-Deploy[0;36m (master)[0m[0K
$[0K[3G[?25h[?25l$ f[0K[?25h[?25l$[0K[3G[?25h[?25l$ g[0K[?25hi[0Kt[0K[7G[?25l$ git s[0K[?25ht[0Ka[0Kt[0Ks[0Ki[0K[?25l$ git stats[0K[?25h[11G[?25l$ git stat[0K[?25hu[0Ks[0K[?25l
[0K[?25hOn branch master[0K[?25l
nothing to commit, working directory clean[0K
[0K[?25h[?25l
[0;32mJohn@win7 [0;35m [0;33m~/repos/OpenEMR-Standard-CFN-Deploy[0;36m (master)[0m[0K
$[0K[3G[?25h[?25l$ git commit -m "first commit"[0K[?25h[?25l
[0K[?25hOn branch master[0K[?25l
nothing to commit, working directory clean[0K
[0K[?25h[?25l
[0;32mJohn@win7 [0;35m [0;33m~/repos/OpenEMR-Standard-CFN-Deploy[0;36m (master)[0m[0K
$[0K[3G[?25h[?25l$ git commit -m "first commit"[0K[?25h[?25l$ git status[0K[?25h[?25l
[0K[?25hOn branch master[0K[?25l
nothing to commit, working directory clean[0K
[0K[?25h[?25l
[0;32mJohn@win7 [0;35m [0;33m~/repos/OpenEMR-Standard-CFN-Deploy[0;36m (master)[0m[0K
$[0K[3G[?25h[?25l$ l[0K[?25hs[0K[6G[?25l$ ls -[0K[?25hl[0K[?25l
[0K[?25htotal 2503[0K[?25l
-rwx------  1 John mkpasswd  462836 Mar 22 10:57 2.zip[0K
-rwx------  1 John mkpasswd     221 Mar 22 10:55 OpenEMR-Standard-CFN-Deploy.Rproj[0K
-rwx------  1 John mkpasswd    2685 Mar 22 11:00 OpenEMR-Standard-Deploy.Rmd[0K
-rwx------  1 John mkpasswd 1509357 Mar 22 11:00 OpenEMR-Standard-Deploy.html[0K
-rwx------  1 John mkpasswd      30 Mar 22 11:18 README.md[0K
-rwx------  1 John mkpasswd   76839 Mar 22 10:57 Standard-ROLLBACK_IN_PROGRESS.PNG[0K
-rwx------  1 John mkpasswd     218 Mar 22 10:57 Standard_CFN_URL.txt[0K
-rwx------  1 John mkpasswd   39477 Mar 22 10:56 Standard_deploy_screen1.PNG[0K
-rwx------  1 John mkpasswd   29918 Mar 22 10:56 Standard_deploy_screen2.PNG[0K
-rwx------  1 John mkpasswd   42910 Mar 22 10:56 Standard_deploy_screen3.PNG[0K
-rwx------  1 John mkpasswd   22647 Mar 22 10:56 Standard_deploy_screen4.PNG[0K[?25h[?25l
-rwx------  1 John mkpasswd   47422 Mar 22 10:57 Standard_deploy_screen5a.PNG[0K
-rwx------  1 John mkpasswd   51972 Mar 22 10:57 Standard_deploy_screen5b.PNG[0K
-rwx------  1 John mkpasswd   75951 Mar 22 10:57 Standard_deploy_screen5c.PNG[0K
-rwx------  1 John mkpasswd   66629 Mar 22 10:57 Standard_deploy_screen5d.PNG[0K
-rwx------  1 John mkpasswd   31062 Mar 22 10:57 Standard_deploy_screen5e.PNG[0K
-rwx------  1 John mkpasswd   70770 Mar 22 10:57 Standard_deploy_screen5f.PNG[0K
drwx------+ 1 John mkpasswd       0 Mar 22 13:03 blog[0K
[0K[?25h[?25l
[0;32mJohn@win7 [0;35m [0;33m~/repos/OpenEMR-Standard-CFN-Deploy[0;36m (master)[0m[0K
$[0K[3G[?25h[?25l$ l[0K[?25hs[0K[6G[?25l$ ls -[0K[?25hl[0Ka[0K[?25l
[0K[?25htotal 2520[0K[?25l
drwx------+ 1 John mkpasswd       0 Mar 22 13:03 .[0K
drwx------+ 1 John mkpasswd       0 Mar 22 10:55 ..[0K
drwx------+ 1 John mkpasswd       0 Mar 22 10:55 .Rproj.user[0K
drwx------+ 1 John mkpasswd       0 Mar 22 13:15 .git[0K
-rwx------  1 John mkpasswd      44 Mar 22 10:55 .gitignore[0K
-rwx------  1 John mkpasswd  462836 Mar 22 10:57 2.zip[0K
-rwx------  1 John mkpasswd     221 Mar 22 10:55 OpenEMR-Standard-CFN-Deploy.Rproj[0K
-rwx------  1 John mkpasswd    2685 Mar 22 11:00 OpenEMR-Standard-Deploy.Rmd[0K
[0K[?25h-rwx------  1 John mkpasswd 1509357 Mar 22 11:00 OpenEMR-Standard-Deploy.html[0K[?25l
-rwx------  1 John mkpasswd      30 Mar 22 11:18 README.md[0K
-rwx------  1 John mkpasswd   76839 Mar 22 10:57 Standard-ROLLBACK_IN_PROGRESS.PNG[0K
-rwx------  1 John mkpasswd     218 Mar 22 10:57 Standard_CFN_URL.txt[0K
-rwx------  1 John mkpasswd   39477 Mar 22 10:56 Standard_deploy_screen1.PNG[0K
-rwx------  1 John mkpasswd   29918 Mar 22 10:56 Standard_deploy_screen2.PNG[0K
-rwx------  1 John mkpasswd   42910 Mar 22 10:56 Standard_deploy_screen3.PNG[0K
-rwx------  1 John mkpasswd   22647 Mar 22 10:56 Standard_deploy_screen4.PNG[0K
-rwx------  1 John mkpasswd   47422 Mar 22 10:57 Standard_deploy_screen5a.PNG[0K
-rwx------  1 John mkpasswd   51972 Mar 22 10:57 Standard_deploy_screen5b.PNG[0K
-rwx------  1 John mkpasswd   75951 Mar 22 10:57 Standard_deploy_screen5c.PNG[0K
-rwx------  1 John mkpasswd   66629 Mar 22 10:57 Standard_deploy_screen5d.PNG[0K
-rwx------  1 John mkpasswd   31062 Mar 22 10:57 Standard_deploy_screen5e.PNG[0K
-rwx------  1 John mkpasswd   70770 Mar 22 10:57 Standard_deploy_screen5f.PNG[0K
drwx------+ 1 John mkpasswd       0 Mar 22 13:03 blog[0K
[0K[?25h[?25l
[0;32mJohn@win7 [0;35m [0;33m~/repos/OpenEMR-Standard-CFN-Deploy[0;36m (master)[0m[0K
$[0K[3G[?25h[?25l$ l[0K[?25hs[0K[6G[?25l$ ls -[0K[?25hl[0Ka[0K[?25l
[0K[?25htotal 2064[0K[?25l
drwx------+ 1 John mkpasswd       0 Mar 22 13:16 .[0K
drwx------+ 1 John mkpasswd       0 Mar 22 10:55 ..[0K
drwx------+ 1 John mkpasswd       0 Mar 22 10:55 .Rproj.user[0K
drwx------+ 1 John mkpasswd       0 Mar 22 13:16 .git[0K
-rwx------  1 John mkpasswd      44 Mar 22 10:55 .gitignore[0K
-rwx------  1 John mkpasswd     221 Mar 22 10:55 OpenEMR-Standard-CFN-Deploy.Rproj[0K
-rwx------  1 John mkpasswd    2685 Mar 22 11:00 OpenEMR-Standard-Deploy.Rmd[0K
-rwx------  1 John mkpasswd 1509357 Mar 22 11:00 OpenEMR-Standard-Deploy.html[0K
-rwx------  1 John mkpasswd      30 Mar 22 11:18 README.md[0K
-rwx------  1 John mkpasswd   76839 Mar 22 10:57 Standard-ROLLBACK_IN_PROGRESS.PNG[0K
-rwx------  1 John mkpasswd     218 Mar 22 10:57 Standard_CFN_URL.txt[0K
-rwx------  1 John mkpasswd   39477 Mar 22 10:56 Standard_deploy_screen1.PNG[0K
-rwx------  1 John mkpasswd   29918 Mar 22 10:56 Standard_deploy_screen2.PNG[0K
-rwx------  1 John mkpasswd   42910 Mar 22 10:56 Standard_deploy_screen3.PNG[0K
-rwx------  1 John mkpasswd   22647 Mar 22 10:56 Standard_deploy_screen4.PNG[0K
-rwx------  1 John mkpasswd   47422 Mar 22 10:57 Standard_deploy_screen5a.PNG[0K
-rwx------  1 John mkpasswd   51972 Mar 22 10:57 Standard_deploy_screen5b.PNG[0K
-rwx------  1 John mkpasswd   75951 Mar 22 10:57 Standard_deploy_screen5c.PNG[0K
-rwx------  1 John mkpasswd   66629 Mar 22 10:57 Standard_deploy_screen5d.PNG[0K
-rwx------  1 John mkpasswd   31062 Mar 22 10:57 Standard_deploy_screen5e.PNG[0K
-rwx------  1 John mkpasswd   70770 Mar 22 10:57 Standard_deploy_screen5f.PNG[0K
[0K[?25h[?25l
[0;32mJohn@win7 [0;35m [0;33m~/repos/OpenEMR-Standard-CFN-Deploy[0;36m (master)[0m[0K
$[0K[3G[?25h[?25l$ r[0K[?25hm[0K[6G[?25l$ rm .[0K[?25hg[0Ki[0Kt[0K[?25l
[0K[?25h/usr/bin/rm: cannot remove '.git': Is a directory[0K[?25l
[0K[?25h[?25l
[0;32mJohn@win7 [0;35m [0;33m~/repos/OpenEMR-Standard-CFN-Deploy[0;36m (master)[0m[0K
$[0K[3G[?25h[?25l$ r[0K[?25hm[0K[6G[?25l$ rm -[0K[?25ha[0K m[0K[?25l$ rm -a[0K[9G[?25h[?25l$ rm -a .[0K[?25hg[0Ki[0Kt[0K[?25l
[0K[?25hrm: unknown option -- a[0K[?25l
Try '/usr/bin/rm --help' for more information.[0K
[0K[?25h[?25l
[0;32mJohn@win7 [0;35m [0;33m~/repos/OpenEMR-Standard-CFN-Deploy[0;36m (master)[0m[0K
$[0K[3G[?25h[?25l$ r[0K[?25hm[0K[6G[?25l$ rm -[0K[?25hr[0Kf[0K[10G[?25l$ rm -rf .[0K[?25hg[0Ki[0Kt[0K[?25l
[0K[?25h[?25l
[0;32mJohn@win7 [0;35m [0;33m~/repos/OpenEMR-Standard-CFN-Deploy[0;36m (master)[0m[0K
$[0K[3G[?25h[?25l$ l[0K[?25hs[0K[6G[?25l$ ls -[0K[?25hl[0K[?25l
[0K[?25htotal 2047[0K[?25l
-rwx------ 1 John mkpasswd     221 Mar 22 10:55 OpenEMR-Standard-CFN-Deploy.Rproj[0K
-rwx------ 1 John mkpasswd    2685 Mar 22 11:00 OpenEMR-Standard-Deploy.Rmd[0K
-rwx------ 1 John mkpasswd 1509357 Mar 22 11:00 OpenEMR-Standard-Deploy.html[0K
-rwx------ 1 John mkpasswd      30 Mar 22 11:18 README.md[0K
-rwx------ 1 John mkpasswd   76839 Mar 22 10:57 Standard-ROLLBACK_IN_PROGRESS.PNG[0K
-rwx------ 1 John mkpasswd     218 Mar 22 10:57 Standard_CFN_URL.txt[0K
-rwx------ 1 John mkpasswd   39477 Mar 22 10:56 Standard_deploy_screen1.PNG[0K
-rwx------ 1 John mkpasswd   29918 Mar 22 10:56 Standard_deploy_screen2.PNG[0K
-rwx------ 1 John mkpasswd   42910 Mar 22 10:56 Standard_deploy_screen3.PNG[0K
-rwx------ 1 John mkpasswd   22647 Mar 22 10:56 Standard_deploy_screen4.PNG[0K
-rwx------ 1 John mkpasswd   47422 Mar 22 10:57 Standard_deploy_screen5a.PNG[0K
-rwx------ 1 John mkpasswd   51972 Mar 22 10:57 Standard_deploy_screen5b.PNG[0K
-rwx------ 1 John mkpasswd   75951 Mar 22 10:57 Standard_deploy_screen5c.PNG[0K
-rwx------ 1 John mkpasswd   66629 Mar 22 10:57 Standard_deploy_screen5d.PNG[0K
-rwx------ 1 John mkpasswd   31062 Mar 22 10:57 Standard_deploy_screen5e.PNG[0K
-rwx------ 1 John mkpasswd   70770 Mar 22 10:57 Standard_deploy_screen5f.PNG[0K[?25h[?25l
[0K[?25h[?25l
[0;32mJohn@win7 [0;35m [0;33m~/repos/OpenEMR-Standard-CFN-Deploy[0;36m (master)[0m[0K
$[0K[3G[?25h[?25l$ l[0K[?25hs[0K[6G[?25l$ ls -[0K[?25hl[0Ka[0K[?25l
total 2060[0K
drwx------+ 1 John mkpasswd       0 Mar 22 13:17 .[0K
drwx------+ 1 John mkpasswd       0 Mar 22 10:55 ..[0K
drwx------+ 1 John mkpasswd       0 Mar 22 10:55 .Rproj.user[0K
-rwx------  1 John mkpasswd      44 Mar 22 10:55 .gitignore[0K
-rwx------  1 John mkpasswd     221 Mar 22 10:55 OpenEMR-Standard-CFN-Deploy.Rproj[0K
-rwx------  1 John mkpasswd    2685 Mar 22 11:00 OpenEMR-Standard-Deploy.Rmd[0K
-rwx------  1 John mkpasswd 1509357 Mar 22 11:00 OpenEMR-Standard-Deploy.html[0K
-rwx------  1 John mkpasswd      30 Mar 22 11:18 README.md[0K
-rwx------  1 John mkpasswd   76839 Mar 22 10:57 Standard-ROLLBACK_IN_PROGRESS.PNG[0K
-rwx------  1 John mkpasswd     218 Mar 22 10:57 Standard_CFN_URL.txt[0K
-rwx------  1 John mkpasswd   39477 Mar 22 10:56 Standard_deploy_screen1.PNG[0K
-rwx------  1 John mkpasswd   29918 Mar 22 10:56 Standard_deploy_screen2.PNG[0K
-rwx------  1 John mkpasswd   42910 Mar 22 10:56 Standard_deploy_screen3.PNG[0K
-rwx------  1 John mkpasswd   22647 Mar 22 10:56 Standard_deploy_screen4.PNG[0K
-rwx------  1 John mkpasswd   47422 Mar 22 10:57 Standard_deploy_screen5a.PNG[0K
-rwx------  1 John mkpasswd   51972 Mar 22 10:57 Standard_deploy_screen5b.PNG[0K[?25h[?25l
-rwx------  1 John mkpasswd   75951 Mar 22 10:57 Standard_deploy_screen5c.PNG[0K
-rwx------  1 John mkpasswd   66629 Mar 22 10:57 Standard_deploy_screen5d.PNG[0K
-rwx------  1 John mkpasswd   31062 Mar 22 10:57 Standard_deploy_screen5e.PNG[0K
-rwx------  1 John mkpasswd   70770 Mar 22 10:57 Standard_deploy_screen5f.PNG[0K
[0K[?25h[?25l
[0;32mJohn@win7 [0;35m [0;33m~/repos/OpenEMR-Standard-CFN-Deploy[0;36m (master)[0m[0K
$[0K[3G[?25h[?25l$ r[0K[?25h,[0K[6G[?25l$ r, .[0K[?25hg[0Ki[0Kt[0Kignore[0K[17G[16G[15G[13G[12G[11G[10G[9G[8G[7G[6G[5G[4G[5G[?25l$ r .gitignore[0K[4G[?25h[?25l$ rm .gitignore[0K[5G[?25h[6G[7G[8G[9G[10G[11G[12G[13G[14G[15G[16G[17G[?25l
[0K[?25h[?25l
[0;32mJohn@win7 [0;35m [0;33m~/repos/OpenEMR-Standard-CFN-Deploy[0;36m (master)[0m[0K
$[0K[3G[?25h[?25l$ ;[0K[?25hs[0K[6G[?25l$ ;s -[0K[?25hl[0K[?25l$ ;s -[0K[?25h[?25l$ ;s[0K[6G[?25h[5G[?25l$ ;[0K[?25h[?25l$[0K[3G[?25h[?25l$ l[0K[?25hs[0K[6G[?25l$ ls 0-[0K[?25h[7G[?25l$ ls 0[0K[?25h[?25l$ ls[0K[6G[?25h[?25l$ ls -[0K[?25hl[0Ka[0K[?25l
total 2059[0K
drwx------+ 1 John mkpasswd       0 Mar 22 13:18 .[0K
drwx------+ 1 John mkpasswd       0 Mar 22 10:55 ..[0K
drwx------+ 1 John mkpasswd       0 Mar 22 10:55 .Rproj.user[0K
-rwx------  1 John mkpasswd     221 Mar 22 10:55 OpenEMR-Standard-CFN-Deploy.Rproj[0K
-rwx------  1 John mkpasswd    2685 Mar 22 11:00 OpenEMR-Standard-Deploy.Rmd[0K
-rwx------  1 John mkpasswd 1509357 Mar 22 11:00 OpenEMR-Standard-Deploy.html[0K
-rwx------  1 John mkpasswd      30 Mar 22 11:18 README.md[0K
-rwx------  1 John mkpasswd   76839 Mar 22 10:57 Standard-ROLLBACK_IN_PROGRESS.PNG[0K
-rwx------  1 John mkpasswd     218 Mar 22 10:57 Standard_CFN_URL.txt[0K
-rwx------  1 John mkpasswd   39477 Mar 22 10:56 Standard_deploy_screen1.PNG[0K
[0K[?25h-rwx------  1 John mkpasswd   29918 Mar 22 10:56 Standard_deploy_screen2.PNG[0K[?25l
-rwx------  1 John mkpasswd   42910 Mar 22 10:56 Standard_deploy_screen3.PNG[0K
-rwx------  1 John mkpasswd   22647 Mar 22 10:56 Standard_deploy_screen4.PNG[0K
-rwx------  1 John mkpasswd   47422 Mar 22 10:57 Standard_deploy_screen5a.PNG[0K
-rwx------  1 John mkpasswd   51972 Mar 22 10:57 Standard_deploy_screen5b.PNG[0K
-rwx------  1 John mkpasswd   75951 Mar 22 10:57 Standard_deploy_screen5c.PNG[0K
-rwx------  1 John mkpasswd   66629 Mar 22 10:57 Standard_deploy_screen5d.PNG[0K
-rwx------  1 John mkpasswd   31062 Mar 22 10:57 Standard_deploy_screen5e.PNG[0K
-rwx------  1 John mkpasswd   70770 Mar 22 10:57 Standard_deploy_screen5f.PNG[0K
[0K[?25h[?25l
[0;32mJohn@win7 [0;35m [0;33m~/repos/OpenEMR-Standard-CFN-Deploy[0;36m (master)[0m[0K
$[0K[3G[?25h